'Header' for 'Fake data'
------------------------

With approved exceptions:
	Approved Exception