'.sql Files must be embedded resources' for 'TestStack.ConventionTests.Tests'
-----------------------------------------------------------------------------

	Scripts\Script2.sql