'.sql Files must be embedded resources' for 'TestStack.ConventionTests.Tests'
-----------------------------------------------------------------------------

With approved exceptions:

	Scripts\Script2.sql