'Project must not reference dlls from bin or obj directories' for 'TestStack.ConventionTests.Tests'
---------------------------------------------------------------------------------------------------

	bin\Debug\ApprovalTests.dll