'Types must have a default constructor' for 'nHibernate Entitites'
------------------------------------------------------------------

	TestAssembly.ClassWithNoDefaultCtor
	TestAssembly.ClassWithPrivateDefaultCtor