'Methods must be virtual' for 'nHibernate Entitites'
----------------------------------------------------

With approved exceptions:

	TestAssembly.SampleDomainClass.TestNonVirtual