'Methods must be virtual' for 'nHibernate Entitites'
----------------------------------------------------

	TestAssembly.SampleDomainClass.TestNonVirtual