'Dtos must be under the 'TestAssembly.Dtos' namespace' for 'TestAssembly types'
-------------------------------------------------------------------------------

With approved exceptions:

	TestAssembly.SomeDto


'Non-Dtos must not be under the 'TestAssembly.Dtos' namespace' for 'TestAssembly types'
---------------------------------------------------------------------------------------

With approved exceptions:

	TestAssembly.Dtos.AnotherClass