'Dtos must be under the 'TestAssembly.Dtos' namespace' for 'TestAssembly types'
-------------------------------------------------------------------------------

	TestAssembly.SomeDto


'Non-Dtos must not be under the 'TestAssembly.Dtos' namespace' for 'TestAssembly types'
---------------------------------------------------------------------------------------

	TestAssembly.Dtos.AnotherClass