'Types must have a default constructor' for 'nHibernate Entitites'
------------------------------------------------------------------

With approved exceptions:

	TestAssembly.ClassWithNoDefaultCtor
	TestAssembly.ClassWithPrivateDefaultCtor